******************************************************************************
              TMS320C55x Linker PC v4.3.6                      
******************************************************************************
>> Linked Tue Mar 11 12:19:09 2025

OUTPUT FILE NAME:   <HW2.out>
ENTRY POINT SYMBOL: "_c_int00"  address: 000206b2


MEMORY CONFIGURATION

         name            origin    length      used     unused   attr    fill
                        (bytes)   (bytes)    (bytes)   (bytes)
----------------------  --------  ---------  --------  --------  ----  --------
PAGE 0:
  MMR                   00000000   000000c0  00000000  000000c0  RWIX
  DARAM0                000000c0   0000ff40  00003138  0000ce08  RWIX
  SARAM0                00010000   00010000  00000000  00010000  RWIX
  SARAM1                00020000   00020000  0000076f  0001f891  RWIX
  SARAM2                00040000   00010000  00000050  0000ffb0  RWIX
  PDROM                 00ff8000   00008000  00000100  00007f00  R IX

PAGE 2:
  IOPORT                00000000   00020000  00000000  00020000  RWI 


SECTION ALLOCATION MAP
(Addresses surrounded by []'s are displayed for convenience only!)

output                                                          attributes/
section   page  orgn(bytes) orgn(words) len(bytes) len(words)   input sections
--------  ----  ----------- ----------- ---------- ----------   --------------
.pinit       0   [ 00040000 ]  00020000          *   00000000   UNINITIALIZED

.stack       0   [ 000000c0 ]  00000060          *   00001000   UNINITIALIZED
                 [ 000000c0 ]  00000060          *   00001000   --HOLE--

.sysstack 
*            0   [ 000020c0 ]  00001060          *   00000800   UNINITIALIZED
                 [ 000020c0 ]  00001060          *   00000800   --HOLE--

.bss         0   [ 000030c0 ]  00001860          *   00000083   UNINITIALIZED
                 [ 000030c0 ]  00001860          *   0000007a   main_circbuff.obj (.bss)
                 [ 000031b4 ]  000018da          *   00000004   rts55x.lib : _lock.obj (.bss)
                 [ 000031bc ]  000018de          *   00000004              : exit.obj (.bss)
                 [ 000031c4 ]  000018e2          *   00000001   usbstk5515bsl.lib : usbstk5515_i2c.obj (.bss)

.data.1      0   [ 000031e0 ]  000018f0          *   0000000d   
                 [ 000031e0 ]  000018f0          *   0000000d   asmcircbuff.obj (.data)

.data.2      0   [ 00003200 ]  00001900          *   0000000c   
                 [ 00003200 ]  00001900          *   0000000c   circbuffconfig.obj (.data)

.text        0     00020000  [ 00010000 ] 0000076f          *   
                   00020000  [ 00010000 ] 000002b8          *   main_circbuff.obj (.text)
                   000202b8  [ 0001015c ] 00000156          *   usbstk5515bsl.lib : usbstk5515_gpio.obj (.text)
                   0002040e  [ 00010207 ] 0000013e          *                     : usbstk5515_i2c.obj (.text)
                   0002054c  [ 000102a6 ] 00000054          *                     : usbstk5515.obj (.text)
                   000205a0  [ 000102d0 ] 0000004d          *   rts55x.lib : autoinit.obj (.text)
                   000205ed  [ 000102f6+] 0000004b          *              : args_main.obj (.text)
                   00020638  [ 0001031c ] 0000003e          *              : exit.obj (.text)
                   00020676  [ 0001033b ] 0000003c          *              : idiv.obj (.text)
                   000206b2  [ 00010359 ] 00000034          *              : boot.obj (.text)
                   000206e6  [ 00010373 ] 0000002e          *   asmcircbuff.obj (.text)
                   00020714  [ 0001038a ] 0000002a          *   rts55x.lib : udiv.obj (.text)
                   0002073e  [ 0001039f ] 00000015          *   circbuffconfig.obj (.text)
                   00020753  [ 000103a9+] 00000012          *   rts55x.lib : _lock.obj (.text)
                   00020765  [ 000103b2+] 00000007          *              : exit.obj (.text:CIO_breakpoint)
                   0002076c  [ 000103b6 ] 00000002          *              : vectors.obj (.text)
                   0002076e  [ 000103b7 ] 00000001          *   --HOLE-- [fill = 20]

.cinit       0   [ 00040000 ]  00020000          *   00000028   
                 [ 00040000 ]  00020000          *   0000000f   main_circbuff.obj (.cinit)
                 [ 0004001e ]  0002000f          *   0000000a   rts55x.lib : _lock.obj (.cinit)
                 [ 00040032 ]  00020019          *   0000000a              : exit.obj (.cinit)
                 [ 00040046 ]  00020023          *   00000004   usbstk5515bsl.lib : usbstk5515_i2c.obj (.cinit)
                 [ 0004004e ]  00020027          *   00000001   --HOLE-- [fill = 0]

vectors      0     00ffff00  [ 007fff80 ] 00000100          *   
                   00ffff00  [ 007fff80 ] 00000100          *   rts55x.lib : vectors.obj (vectors)


GLOBAL SYMBOLS: SORTED ALPHABETICALLY BY Name 

abs. value/
byte addr   word addr   name
---------   ---------   ----
00000002                $TI_capability$C5500$CallingConvention
00000002                $TI_capability$C5500$MemoryModel
00000001                $TI_capability_requires_rev3
ffffffff                .bss
ffffffff                .data
ffffffff                .text
00020766                C$$EXIT
00020676                I$$DIV
00020695                I$$MOD
00020714                I$$UDIV
00020729                I$$UMOD
0002006d                _AIC3204_config
00020000                _AIC3204_rget
0002004b                _AIC3204_rset
00ffff00                _Reset
000203b6                _USBSTK5515_GPIO_getInput
000202b8                _USBSTK5515_GPIO_init
000202bc                _USBSTK5515_GPIO_setDirection
00020339                _USBSTK5515_GPIO_setOutput
0002042d                _USBSTK5515_I2C_close
0002040e                _USBSTK5515_I2C_init
000204d3                _USBSTK5515_I2C_read
00020436                _USBSTK5515_I2C_reset
00020444                _USBSTK5515_I2C_write
00020592                _USBSTK5515_init
0002054c                _USBSTK5515_wait
00020580                _USBSTK5515_waitusec
            00001060    __STACK_END
00002000                __STACK_SIZE
00001000                __SYSSTACK_SIZE
ffffffff                ___binit__
ffffffff                ___bss__
ffffffff                ___c_args__
            00020000    ___cinit__
ffffffff                ___data__
ffffffff                ___edata__
ffffffff                ___end__
ffffffff                ___etext__
ffffffff                ___pinit__
ffffffff                ___text__
000205ed                __args_main
            000018de    __cleanup_ptr
00020676                __divi
00020714                __divu
            000018e0    __dtors_ptr
            000018da    __lock
00020763                __nop
0002075b                __register_lock
00020753                __register_unlock
00020695                __remi
00020729                __remu
            00000060    __stack
            00001060    __sysstack
            000018dc    __unlock
00020765                _abort
000205a0                _auto_init
000206b2                _c_int00
000206e6                _circbuff
0002073e                _circbuffconfig
            00001864    _coeff
            00001866    _coefs
00020638                _exit
            000018e2    _i2c_timeout
            00001860    _inPtr
            00001874    _input
            00001872    _leftsample
0002020b                _main
            00001862    _outPtr
            00001875    _output
            00001876    _recent_output
            00001873    _rightsample
ffffffff                binit
            00020000    cinit
ffffffff                edata
ffffffff                end
ffffffff                etext
ffffffff                pinit


GLOBAL SYMBOLS: SORTED BY Symbol Address 

abs. value/
byte addr   word addr   name
---------   ---------   ----
00000001                $TI_capability_requires_rev3
00000002                $TI_capability$C5500$CallingConvention
00000002                $TI_capability$C5500$MemoryModel
            00000060    __stack
00001000                __SYSSTACK_SIZE
00002000                __STACK_SIZE
            00001060    __STACK_END
            00001060    __sysstack
            00001860    _inPtr
            00001862    _outPtr
            00001864    _coeff
            00001866    _coefs
            00001872    _leftsample
            00001873    _rightsample
            00001874    _input
            00001875    _output
            00001876    _recent_output
            000018da    __lock
            000018dc    __unlock
            000018de    __cleanup_ptr
            000018e0    __dtors_ptr
            000018e2    _i2c_timeout
00020000                _AIC3204_rget
0002004b                _AIC3204_rset
0002006d                _AIC3204_config
0002020b                _main
000202b8                _USBSTK5515_GPIO_init
000202bc                _USBSTK5515_GPIO_setDirection
00020339                _USBSTK5515_GPIO_setOutput
000203b6                _USBSTK5515_GPIO_getInput
0002040e                _USBSTK5515_I2C_init
0002042d                _USBSTK5515_I2C_close
00020436                _USBSTK5515_I2C_reset
00020444                _USBSTK5515_I2C_write
000204d3                _USBSTK5515_I2C_read
0002054c                _USBSTK5515_wait
00020580                _USBSTK5515_waitusec
00020592                _USBSTK5515_init
000205a0                _auto_init
000205ed                __args_main
00020638                _exit
00020676                I$$DIV
00020676                __divi
00020695                I$$MOD
00020695                __remi
000206b2                _c_int00
000206e6                _circbuff
00020714                I$$UDIV
00020714                __divu
00020729                I$$UMOD
00020729                __remu
0002073e                _circbuffconfig
00020753                __register_unlock
0002075b                __register_lock
00020763                __nop
00020765                _abort
00020766                C$$EXIT
            00020000    ___cinit__
            00020000    cinit
00ffff00                _Reset
ffffffff                .bss
ffffffff                .data
ffffffff                .text
ffffffff                ___binit__
ffffffff                ___bss__
ffffffff                ___c_args__
ffffffff                ___data__
ffffffff                ___edata__
ffffffff                ___end__
ffffffff                ___etext__
ffffffff                ___pinit__
ffffffff                ___text__
ffffffff                binit
ffffffff                edata
ffffffff                end
ffffffff                etext
ffffffff                pinit

[77 symbols]
